// Jest Snapshot v1, https://goo.gl/fbAQLP

exports[`<Confirm /> should render and match the snapshot 1`] = `
<React.Fragment>
  <Helmet
    defer={true}
    encodeSpecialCharacters={true}
  >
    <title />
    <meta
      content=""
      name="description"
    />
  </Helmet>
  <NavBar />
  <Confirm__Wrapper>
    <h1>
      Confirm?
    </h1>
    <h2>
      
    </h2>
    <h2>
      
    </h2>
    <Confirm__Wrapper>
      <div>
        <Confirm__ConfirmButton
          onClick={[Function]}
          type="submit"
        >
          Back
        </Confirm__ConfirmButton>
        <Confirm__ConfirmButton
          onClick={[Function]}
          type="submit"
        >
          OK
        </Confirm__ConfirmButton>
      </div>
    </Confirm__Wrapper>
  </Confirm__Wrapper>
</React.Fragment>
`;
